/Users/peppe/STM32Cube/Repository/STM32CubeExpansion_LRWAN_V2.1.0/Projects/B-L072Z-LRWAN1/Applications/LoRaWAN/LoRaWAN_End_Node/LoRaWAN/App/lora_app.c:484:13:OnTxTimerEvent	8	static
/Users/peppe/STM32Cube/Repository/STM32CubeExpansion_LRWAN_V2.1.0/Projects/B-L072Z-LRWAN1/Applications/LoRaWAN/LoRaWAN_End_Node/LoRaWAN/App/lora_app.c:574:13:OnMacProcessNotify	8	static
/Users/peppe/STM32Cube/Repository/STM32CubeExpansion_LRWAN_V2.1.0/Projects/B-L072Z-LRWAN1/Applications/LoRaWAN/LoRaWAN_End_Node/LoRaWAN/App/lora_app.c:315:13:OnRxData	40	static
/Users/peppe/STM32Cube/Repository/STM32CubeExpansion_LRWAN_V2.1.0/Projects/B-L072Z-LRWAN1/Applications/LoRaWAN/LoRaWAN_End_Node/LoRaWAN/App/lora_app.c:504:13:OnRxTimerLedEvent	8	static
/Users/peppe/STM32Cube/Repository/STM32CubeExpansion_LRWAN_V2.1.0/Projects/B-L072Z-LRWAN1/Applications/LoRaWAN/LoRaWAN_End_Node/LoRaWAN/App/lora_app.c:499:13:OnTxTimerLedEvent	8	static
/Users/peppe/STM32Cube/Repository/STM32CubeExpansion_LRWAN_V2.1.0/Projects/B-L072Z-LRWAN1/Applications/LoRaWAN/LoRaWAN_End_Node/LoRaWAN/App/lora_app.c:384:13:SendTxData	72	static
/Users/peppe/STM32Cube/Repository/STM32CubeExpansion_LRWAN_V2.1.0/Projects/B-L072Z-LRWAN1/Applications/LoRaWAN/LoRaWAN_End_Node/LoRaWAN/App/lora_app.c:509:13:OnJoinTimerLedEvent	8	static
/Users/peppe/STM32Cube/Repository/STM32CubeExpansion_LRWAN_V2.1.0/Projects/B-L072Z-LRWAN1/Applications/LoRaWAN/LoRaWAN_End_Node/LoRaWAN/App/lora_app.c:516:13:OnTxData	24	static
/Users/peppe/STM32Cube/Repository/STM32CubeExpansion_LRWAN_V2.1.0/Projects/B-L072Z-LRWAN1/Applications/LoRaWAN/LoRaWAN_End_Node/LoRaWAN/App/lora_app.c:545:13:OnJoinRequest	16	static
/Users/peppe/STM32Cube/Repository/STM32CubeExpansion_LRWAN_V2.1.0/Projects/B-L072Z-LRWAN1/Applications/LoRaWAN/LoRaWAN_End_Node/LoRaWAN/App/lora_app.c:222:6:LoRaWAN_Init	40	static
/Users/peppe/STM32Cube/Repository/STM32CubeExpansion_LRWAN_V2.1.0/Projects/B-L072Z-LRWAN1/Applications/LoRaWAN/LoRaWAN_End_Node/LoRaWAN/App/lora_app.c:296:6:HAL_GPIO_EXTI_Callback	8	static
